// Jest Snapshot v1, https://goo.gl/fbAQLP

exports[`Nav component renders matches snapshot 1`] = `
<DocumentFragment>
  <header
    class="flex-row px-1"
  >
    <h2>
      <a
        data-testid="link"
        href="/"
      >
        <span
          aria-label="computer"
          role="img"
        >
           üñ•Ô∏è
        </span>
         Heather Everton
      </a>
    </h2>
    <nav>
      <ul
        class="flex-row"
      >
        <li
          class="mx-2"
        >
          <a
            data-testid="about"
            href="#about"
          >
            About me
          </a>
        </li>
        <li
          class="mx-2 undefined"
        >
          <span>
            Contact
          </span>
        </li>
        <li
          class="mx-2"
        >
          <a
            data-testid="projects"
            href="#projects"
          >
            Projects
          </a>
        </li>
      </ul>
    </nav>
  </header>
</DocumentFragment>
`;
